vlog -sv ./src/modules/system.sv ./src/modules/ram.sv ./src/modules/scheduler_core.sv ./src/modules/memory_control.sv ./src/modules/caches.sv ./src/modules/icache.sv ./src/modules/dcache.sv ./src/modules/scoreboard.sv ./src/modules/fetch.sv ./src/modules/execute.sv ./src/modules/fetch_branch.sv ./src/modules/dispatch.sv ./src/modules/issue.sv ./src/modules/scoreboard.sv ./src/modules/fu_alu.sv ./src/modules/fu_scalar_ls.sv ./src/modules/fu_matrix_ls.sv ./src/modules/fu_gemm.sv ./src/modules/fu_branch_predictor.sv ./src/modules/fu_branch.sv ./src/modules/writeback.sv +incdir+./src/include/ 
QuestaSim-64 vlog 2021.4 Compiler 2021.10 Oct 13 2021
Start time: 19:49:33 on Feb 23,2025
vlog -sv ./src/modules/system.sv ./src/modules/ram.sv ./src/modules/scheduler_core.sv ./src/modules/memory_control.sv ./src/modules/caches.sv ./src/modules/icache.sv ./src/modules/dcache.sv ./src/modules/scoreboard.sv ./src/modules/fetch.sv ./src/modules/execute.sv ./src/modules/fetch_branch.sv ./src/modules/dispatch.sv ./src/modules/issue.sv ./src/modules/scoreboard.sv ./src/modules/fu_alu.sv ./src/modules/fu_scalar_ls.sv ./src/modules/fu_matrix_ls.sv ./src/modules/fu_gemm.sv ./src/modules/fu_branch_predictor.sv ./src/modules/fu_branch.sv ./src/modules/writeback.sv "+incdir+./src/include/" 
-- Compiling package isa_pkg
-- Compiling interface system_if
-- Importing package isa_pkg
-- Compiling package cpu_types_pkg
-- Compiling interface cpu_ram_if
-- Importing package cpu_types_pkg
-- Compiling module system
-- Compiling package cpu_types_pkg
** Warning: ** while parsing file included at ./src/modules/ram.sv(1)
** at ./src/include//cpu_types_pkg.vh(19): (vlog-2275) Existing package 'cpu_types_pkg' at line 19 will be overwritten.
-- Compiling module ram
-- Compiling package cpu_types_pkg
** Warning: ** while parsing file included at ./src/modules/scheduler_core.sv(10)
** while parsing file included at ./src/include//caches_if.vh(16)
** at ./src/include//cpu_types_pkg.vh(19): (vlog-2275) Existing package 'cpu_types_pkg' at line 19 will be overwritten.
-- Compiling interface caches_if
-- Compiling interface cache_control_if
-- Compiling module scheduler_core
-- Compiling package cpu_types_pkg
** Warning: ** while parsing file included at ./src/modules/memory_control.sv(3)
** at ./src/include//cpu_types_pkg.vh(19): (vlog-2275) Existing package 'cpu_types_pkg' at line 19 will be overwritten.
-- Compiling interface cache_control_if
** Warning: ** while parsing file included at ./src/modules/memory_control.sv(4)
** at ./src/include//cache_control_if.vh(16): (vlog-2275) Existing interface 'cache_control_if' at line 16 will be overwritten.
-- Compiling module memory_control
-- Compiling module caches
-- Compiling package cpu_types_pkg
** Warning: ** while parsing file included at ./src/modules/icache.sv(1)
** while parsing file included at ./src/include//datapath_cache_if.vh(11)
** at ./src/include//cpu_types_pkg.vh(19): (vlog-2275) Existing package 'cpu_types_pkg' at line 19 will be overwritten.
-- Compiling interface datapath_cache_if
-- Compiling interface caches_if
** Warning: ** while parsing file included at ./src/modules/icache.sv(2)
** at ./src/include//caches_if.vh(18): (vlog-2275) Existing interface 'caches_if' at line 18 will be overwritten.
-- Compiling module icache
-- Compiling package cpu_types_pkg
** Warning: ** while parsing file included at ./src/modules/dcache.sv(1)
** at ./src/include//cpu_types_pkg.vh(19): (vlog-2275) Existing package 'cpu_types_pkg' at line 19 will be overwritten.
-- Compiling module dcache
-- Compiling package isa_pkg
** Warning: ** while parsing file included at ./src/modules/scoreboard.sv(1)
** while parsing file included at ./src/include//datapath_types.vh(4)
** at ./src/include//isa_types.vh(4): (vlog-2275) Existing package 'isa_pkg' at line 4 will be overwritten.
-- Compiling package datapath_pkg
-- Compiling interface scoreboard_if
-- Importing package datapath_pkg
-- Compiling interface dispatch_if
-- Compiling interface control_unit_if
-- Compiling module control_unit
-- Compiling interface rst_s_if
-- Compiling module rst_s
-- Compiling interface rst_m_if
-- Compiling module rst_m
-- Compiling module dispatch
-- Compiling interface issue_if
-- Compiling interface regfile_if
-- Compiling module regfile
-- Compiling interface fust_s_if
-- Compiling module fust_s
-- Compiling interface fust_m_if
-- Compiling module fust_m
-- Compiling interface fust_g_if
-- Compiling module fust_g
-- Compiling module issue
-- Compiling module scoreboard
-- Compiling package isa_pkg
** Warning: ** while parsing file included at ./src/modules/fetch.sv(1)
** while parsing file included at ./src/include//fetch_if.vh(4)
** at ./src/include//isa_types.vh(4): (vlog-2275) Existing package 'isa_pkg' at line 4 will be overwritten.
-- Compiling interface fetch_if
-- Compiling module fetch
-- Compiling package isa_pkg
** Warning: ** while parsing file included at ./src/modules/execute.sv(2)
** while parsing file included at ./src/include//datapath_types.vh(4)
** at ./src/include//isa_types.vh(4): (vlog-2275) Existing package 'isa_pkg' at line 4 will be overwritten.
-- Compiling package datapath_pkg
** Warning: ** while parsing file included at ./src/modules/execute.sv(2)
** at ./src/include//datapath_types.vh(6): (vlog-2275) Existing package 'datapath_pkg' at line 6 will be overwritten.
-- Compiling interface fu_branch_if
-- Compiling package cpu_types_pkg
** Warning: ** while parsing file included at ./src/modules/execute.sv(4)
** while parsing file included at ./src/include//fu_alu_if.vh(3)
** at ./src/include//cpu_types_pkg.vh(19): (vlog-2275) Existing package 'cpu_types_pkg' at line 19 will be overwritten.
-- Compiling interface fu_alu_if
-- Compiling interface fu_scalar_ls_if
-- Compiling interface fu_matrix_ls_if
-- Compiling interface fu_gemm_if
-- Compiling interface execute_if
-- Compiling module execute
-- Compiling package isa_pkg
** Warning: ** while parsing file included at ./src/modules/fetch_branch.sv(1)
** at ./src/include//isa_types.vh(4): (vlog-2275) Existing package 'isa_pkg' at line 4 will be overwritten.
-- Compiling package datapath_pkg
** Warning: ** while parsing file included at ./src/modules/fetch_branch.sv(2)
** at ./src/include//datapath_types.vh(6): (vlog-2275) Existing package 'datapath_pkg' at line 6 will be overwritten.
-- Compiling interface fu_branch_predictor_if
-- Compiling interface fetch_if
** Warning: ** while parsing file included at ./src/modules/fetch_branch.sv(4)
** at ./src/include//fetch_if.vh(6): (vlog-2275) Existing interface 'fetch_if' at line 6 will be overwritten.
-- Compiling interface fetch_branch_if
-- Compiling interface fu_branch_if
** Warning: ** while parsing file included at ./src/modules/fetch_branch.sv(6)
** at ./src/include//fu_branch_if.vh(6): (vlog-2275) Existing interface 'fu_branch_if' at line 6 will be overwritten.
-- Compiling module fetch_branch
-- Compiling package isa_pkg
** Warning: ** while parsing file included at ./src/modules/dispatch.sv(1)
** while parsing file included at ./src/include//datapath_types.vh(4)
** at ./src/include//isa_types.vh(4): (vlog-2275) Existing package 'isa_pkg' at line 4 will be overwritten.
-- Compiling package datapath_pkg
** Warning: ** while parsing file included at ./src/modules/dispatch.sv(1)
** at ./src/include//datapath_types.vh(6): (vlog-2275) Existing package 'datapath_pkg' at line 6 will be overwritten.
-- Compiling interface dispatch_if
** Warning: ** while parsing file included at ./src/modules/dispatch.sv(2)
** at ./src/include//dispatch_if.vh(5): (vlog-2275) Existing interface 'dispatch_if' at line 5 will be overwritten.
-- Compiling interface control_unit_if
** Warning: ** while parsing file included at ./src/modules/dispatch.sv(3)
** at ./src/include//control_unit_if.vh(6): (vlog-2275) Existing interface 'control_unit_if' at line 6 will be overwritten.
-- Compiling module control_unit
** Warning: ** while parsing file included at ./src/modules/dispatch.sv(4)
** at ./src/modules/control_unit.sv(8): (vlog-2275) Existing module 'control_unit' at line 8 will be overwritten.
-- Compiling interface rst_s_if
** Warning: ** while parsing file included at ./src/modules/dispatch.sv(5)
** while parsing file included at ./src/modules/rst_s.sv(1)
** at ./src/include//rst_s_if.vh(5): (vlog-2275) Existing interface 'rst_s_if' at line 5 will be overwritten.
-- Compiling module rst_s
** Warning: ** while parsing file included at ./src/modules/dispatch.sv(5)
** at ./src/modules/rst_s.sv(4): (vlog-2275) Existing module 'rst_s' at line 4 will be overwritten.
-- Compiling interface rst_m_if
** Warning: ** while parsing file included at ./src/modules/dispatch.sv(6)
** while parsing file included at ./src/modules/rst_m.sv(1)
** at ./src/include//rst_m_if.vh(5): (vlog-2275) Existing interface 'rst_m_if' at line 5 will be overwritten.
-- Compiling module rst_m
** Warning: ** while parsing file included at ./src/modules/dispatch.sv(6)
** at ./src/modules/rst_m.sv(4): (vlog-2275) Existing module 'rst_m' at line 4 will be overwritten.
-- Compiling module dispatch
** Warning: ./src/modules/dispatch.sv(10): (vlog-2275) Existing module 'dispatch' at line 10 will be overwritten.
-- Compiling package isa_pkg
** Warning: ** while parsing file included at ./src/modules/issue.sv(3)
** while parsing file included at ./src/include//datapath_types.vh(4)
** at ./src/include//isa_types.vh(4): (vlog-2275) Existing package 'isa_pkg' at line 4 will be overwritten.
-- Compiling package datapath_pkg
** Warning: ** while parsing file included at ./src/modules/issue.sv(3)
** at ./src/include//datapath_types.vh(6): (vlog-2275) Existing package 'datapath_pkg' at line 6 will be overwritten.
-- Compiling interface issue_if
** Warning: ** while parsing file included at ./src/modules/issue.sv(4)
** at ./src/include//issue_if.vh(6): (vlog-2275) Existing interface 'issue_if' at line 6 will be overwritten.
-- Compiling interface regfile_if
** Warning: ** while parsing file included at ./src/modules/issue.sv(5)
** while parsing file included at ./src/modules/regfile.sv(8)
** at ./src/include//regfile_if.vh(7): (vlog-2275) Existing interface 'regfile_if' at line 7 will be overwritten.
-- Compiling module regfile
** Warning: ** while parsing file included at ./src/modules/issue.sv(5)
** at ./src/modules/regfile.sv(10): (vlog-2275) Existing module 'regfile' at line 10 will be overwritten.
-- Compiling interface fust_s_if
** Warning: ** while parsing file included at ./src/modules/issue.sv(7)
** while parsing file included at ./src/modules/fust_s.sv(1)
** at ./src/include//fust_s_if.vh(5): (vlog-2275) Existing interface 'fust_s_if' at line 5 will be overwritten.
-- Compiling module fust_s
** Warning: ** while parsing file included at ./src/modules/issue.sv(7)
** at ./src/modules/fust_s.sv(4): (vlog-2275) Existing module 'fust_s' at line 4 will be overwritten.
-- Compiling interface fust_m_if
** Warning: ** while parsing file included at ./src/modules/issue.sv(9)
** while parsing file included at ./src/modules/fust_m.sv(1)
** at ./src/include//fust_m_if.vh(5): (vlog-2275) Existing interface 'fust_m_if' at line 5 will be overwritten.
-- Compiling module fust_m
** Warning: ** while parsing file included at ./src/modules/issue.sv(9)
** at ./src/modules/fust_m.sv(4): (vlog-2275) Existing module 'fust_m' at line 4 will be overwritten.
-- Compiling interface fust_g_if
** Warning: ** while parsing file included at ./src/modules/issue.sv(11)
** while parsing file included at ./src/modules/fust_g.sv(1)
** at ./src/include//fust_g_if.vh(5): (vlog-2275) Existing interface 'fust_g_if' at line 5 will be overwritten.
-- Compiling module fust_g
** Warning: ** while parsing file included at ./src/modules/issue.sv(11)
** at ./src/modules/fust_g.sv(4): (vlog-2275) Existing module 'fust_g' at line 4 will be overwritten.
-- Compiling module issue
** Warning: ./src/modules/issue.sv(14): (vlog-2275) Existing module 'issue' at line 14 will be overwritten.
-- Compiling package isa_pkg
** Warning: ** while parsing file included at ./src/modules/scoreboard.sv(1)
** while parsing file included at ./src/include//datapath_types.vh(4)
** at ./src/include//isa_types.vh(4): (vlog-2275) Existing package 'isa_pkg' at line 4 will be overwritten.
-- Compiling package datapath_pkg
** Warning: ** while parsing file included at ./src/modules/scoreboard.sv(1)
** at ./src/include//datapath_types.vh(6): (vlog-2275) Existing package 'datapath_pkg' at line 6 will be overwritten.
-- Compiling interface scoreboard_if
** Warning: ** while parsing file included at ./src/modules/scoreboard.sv(2)
** at ./src/include//scoreboard_if.vh(6): (vlog-2275) Existing interface 'scoreboard_if' at line 6 will be overwritten.
-- Compiling interface dispatch_if
** Warning: ** while parsing file included at ./src/modules/scoreboard.sv(3)
** while parsing file included at ./src/modules/dispatch.sv(2)
** at ./src/include//dispatch_if.vh(5): (vlog-2275) Existing interface 'dispatch_if' at line 5 will be overwritten.
-- Compiling interface control_unit_if
** Warning: ** while parsing file included at ./src/modules/scoreboard.sv(3)
** while parsing file included at ./src/modules/dispatch.sv(3)
** at ./src/include//control_unit_if.vh(6): (vlog-2275) Existing interface 'control_unit_if' at line 6 will be overwritten.
-- Compiling module control_unit
** Warning: ** while parsing file included at ./src/modules/scoreboard.sv(3)
** while parsing file included at ./src/modules/dispatch.sv(4)
** at ./src/modules/control_unit.sv(8): (vlog-2275) Existing module 'control_unit' at line 8 will be overwritten.
-- Compiling interface rst_s_if
** Warning: ** while parsing file included at ./src/modules/scoreboard.sv(3)
** while parsing file included at ./src/modules/dispatch.sv(5)
** while parsing file included at ./src/modules/rst_s.sv(1)
** at ./src/include//rst_s_if.vh(5): (vlog-2275) Existing interface 'rst_s_if' at line 5 will be overwritten.
-- Compiling module rst_s
** Warning: ** while parsing file included at ./src/modules/scoreboard.sv(3)
** while parsing file included at ./src/modules/dispatch.sv(5)
** at ./src/modules/rst_s.sv(4): (vlog-2275) Existing module 'rst_s' at line 4 will be overwritten.
-- Compiling interface rst_m_if
** Warning: ** while parsing file included at ./src/modules/scoreboard.sv(3)
** while parsing file included at ./src/modules/dispatch.sv(6)
** while parsing file included at ./src/modules/rst_m.sv(1)
** at ./src/include//rst_m_if.vh(5): (vlog-2275) Existing interface 'rst_m_if' at line 5 will be overwritten.
-- Compiling module rst_m
** Warning: ** while parsing file included at ./src/modules/scoreboard.sv(3)
** while parsing file included at ./src/modules/dispatch.sv(6)
** at ./src/modules/rst_m.sv(4): (vlog-2275) Existing module 'rst_m' at line 4 will be overwritten.
-- Compiling module dispatch
** Warning: ** while parsing file included at ./src/modules/scoreboard.sv(3)
** at ./src/modules/dispatch.sv(10): (vlog-2275) Existing module 'dispatch' at line 10 will be overwritten.
-- Compiling interface issue_if
** Warning: ** while parsing file included at ./src/modules/scoreboard.sv(5)
** while parsing file included at ./src/modules/issue.sv(4)
** at ./src/include//issue_if.vh(6): (vlog-2275) Existing interface 'issue_if' at line 6 will be overwritten.
-- Compiling interface regfile_if
** Warning: ** while parsing file included at ./src/modules/scoreboard.sv(5)
** while parsing file included at ./src/modules/issue.sv(5)
** while parsing file included at ./src/modules/regfile.sv(8)
** at ./src/include//regfile_if.vh(7): (vlog-2275) Existing interface 'regfile_if' at line 7 will be overwritten.
-- Compiling module regfile
** Warning: ** while parsing file included at ./src/modules/scoreboard.sv(5)
** while parsing file included at ./src/modules/issue.sv(5)
** at ./src/modules/regfile.sv(10): (vlog-2275) Existing module 'regfile' at line 10 will be overwritten.
-- Compiling interface fust_s_if
** Warning: ** while parsing file included at ./src/modules/scoreboard.sv(5)
** while parsing file included at ./src/modules/issue.sv(7)
** while parsing file included at ./src/modules/fust_s.sv(1)
** at ./src/include//fust_s_if.vh(5): (vlog-2275) Existing interface 'fust_s_if' at line 5 will be overwritten.
-- Compiling module fust_s
** Warning: ** while parsing file included at ./src/modules/scoreboard.sv(5)
** while parsing file included at ./src/modules/issue.sv(7)
** at ./src/modules/fust_s.sv(4): (vlog-2275) Existing module 'fust_s' at line 4 will be overwritten.
-- Compiling interface fust_m_if
** Warning: ** while parsing file included at ./src/modules/scoreboard.sv(5)
** while parsing file included at ./src/modules/issue.sv(9)
** while parsing file included at ./src/modules/fust_m.sv(1)
** at ./src/include//fust_m_if.vh(5): (vlog-2275) Existing interface 'fust_m_if' at line 5 will be overwritten.
-- Compiling module fust_m
** Warning: ** while parsing file included at ./src/modules/scoreboard.sv(5)
** while parsing file included at ./src/modules/issue.sv(9)
** at ./src/modules/fust_m.sv(4): (vlog-2275) Existing module 'fust_m' at line 4 will be overwritten.
-- Compiling interface fust_g_if
** Warning: ** while parsing file included at ./src/modules/scoreboard.sv(5)
** while parsing file included at ./src/modules/issue.sv(11)
** while parsing file included at ./src/modules/fust_g.sv(1)
** at ./src/include//fust_g_if.vh(5): (vlog-2275) Existing interface 'fust_g_if' at line 5 will be overwritten.
-- Compiling module fust_g
** Warning: ** while parsing file included at ./src/modules/scoreboard.sv(5)
** while parsing file included at ./src/modules/issue.sv(11)
** at ./src/modules/fust_g.sv(4): (vlog-2275) Existing module 'fust_g' at line 4 will be overwritten.
-- Compiling module issue
** Warning: ** while parsing file included at ./src/modules/scoreboard.sv(5)
** at ./src/modules/issue.sv(14): (vlog-2275) Existing module 'issue' at line 14 will be overwritten.
-- Compiling module scoreboard
** Warning: ./src/modules/scoreboard.sv(8): (vlog-2275) Existing module 'scoreboard' at line 8 will be overwritten.
-- Compiling package cpu_types_pkg
** Warning: ** while parsing file included at ./src/modules/fu_alu.sv(1)
** while parsing file included at ./src/include//fu_alu_if.vh(3)
** at ./src/include//cpu_types_pkg.vh(19): (vlog-2275) Existing package 'cpu_types_pkg' at line 19 will be overwritten.
-- Compiling package isa_pkg
** Warning: ** while parsing file included at ./src/modules/fu_alu.sv(1)
** while parsing file included at ./src/include//fu_alu_if.vh(4)
** while parsing file included at ./src/include//datapath_types.vh(4)
** at ./src/include//isa_types.vh(4): (vlog-2275) Existing package 'isa_pkg' at line 4 will be overwritten.
-- Compiling package datapath_pkg
** Warning: ** while parsing file included at ./src/modules/fu_alu.sv(1)
** while parsing file included at ./src/include//fu_alu_if.vh(4)
** at ./src/include//datapath_types.vh(6): (vlog-2275) Existing package 'datapath_pkg' at line 6 will be overwritten.
-- Compiling interface fu_alu_if
** Warning: ** while parsing file included at ./src/modules/fu_alu.sv(1)
** at ./src/include//fu_alu_if.vh(6): (vlog-2275) Existing interface 'fu_alu_if' at line 6 will be overwritten.
-- Compiling module fu_alu
-- Compiling package isa_pkg
** Warning: ** while parsing file included at ./src/modules/fu_scalar_ls.sv(1)
** while parsing file included at ./src/include//fu_scalar_ls_if.vh(4)
** while parsing file included at ./src/include//datapath_types.vh(4)
** at ./src/include//isa_types.vh(4): (vlog-2275) Existing package 'isa_pkg' at line 4 will be overwritten.
-- Compiling package datapath_pkg
** Warning: ** while parsing file included at ./src/modules/fu_scalar_ls.sv(1)
** while parsing file included at ./src/include//fu_scalar_ls_if.vh(4)
** at ./src/include//datapath_types.vh(6): (vlog-2275) Existing package 'datapath_pkg' at line 6 will be overwritten.
-- Compiling interface fu_scalar_ls_if
** Warning: ** while parsing file included at ./src/modules/fu_scalar_ls.sv(1)
** at ./src/include//fu_scalar_ls_if.vh(6): (vlog-2275) Existing interface 'fu_scalar_ls_if' at line 6 will be overwritten.
-- Compiling module fu_scalar_ls
-- Compiling package isa_pkg
** Warning: ** while parsing file included at ./src/modules/fu_matrix_ls.sv(3)
** while parsing file included at ./src/include//datapath_types.vh(4)
** at ./src/include//isa_types.vh(4): (vlog-2275) Existing package 'isa_pkg' at line 4 will be overwritten.
-- Compiling package datapath_pkg
** Warning: ** while parsing file included at ./src/modules/fu_matrix_ls.sv(3)
** at ./src/include//datapath_types.vh(6): (vlog-2275) Existing package 'datapath_pkg' at line 6 will be overwritten.
-- Compiling interface fu_matrix_ls_if
** Warning: ** while parsing file included at ./src/modules/fu_matrix_ls.sv(5)
** at ./src/include//fu_matrix_ls_if.vh(11): (vlog-2275) Existing interface 'fu_matrix_ls_if' at line 11 will be overwritten.
-- Compiling module fu_matrix_ls
-- Compiling package isa_pkg
** Warning: ** while parsing file included at ./src/modules/fu_gemm.sv(1)
** at ./src/include//isa_types.vh(4): (vlog-2275) Existing package 'isa_pkg' at line 4 will be overwritten.
-- Compiling package datapath_pkg
** Warning: ** while parsing file included at ./src/modules/fu_gemm.sv(2)
** at ./src/include//datapath_types.vh(6): (vlog-2275) Existing package 'datapath_pkg' at line 6 will be overwritten.
-- Compiling interface fu_gemm_if
** Warning: ** while parsing file included at ./src/modules/fu_gemm.sv(3)
** at ./src/include//fu_gemm_if.vh(6): (vlog-2275) Existing interface 'fu_gemm_if' at line 6 will be overwritten.
-- Compiling module fu_gemm
-- Compiling package isa_pkg
** Warning: ** while parsing file included at ./src/modules/fu_branch_predictor.sv(1)
** while parsing file included at ./src/include//fu_branch_predictor_if.vh(4)
** at ./src/include//isa_types.vh(4): (vlog-2275) Existing package 'isa_pkg' at line 4 will be overwritten.
-- Compiling interface fu_branch_predictor_if
** Warning: ** while parsing file included at ./src/modules/fu_branch_predictor.sv(1)
** at ./src/include//fu_branch_predictor_if.vh(6): (vlog-2275) Existing interface 'fu_branch_predictor_if' at line 6 will be overwritten.
-- Compiling module fu_branch_predictor
-- Compiling package isa_pkg
** Warning: ** while parsing file included at ./src/modules/fu_branch.sv(1)
** while parsing file included at ./src/include//fu_branch_if.vh(4)
** at ./src/include//isa_types.vh(4): (vlog-2275) Existing package 'isa_pkg' at line 4 will be overwritten.
-- Compiling interface fu_branch_if
** Warning: ** while parsing file included at ./src/modules/fu_branch.sv(1)
** at ./src/include//fu_branch_if.vh(6): (vlog-2275) Existing interface 'fu_branch_if' at line 6 will be overwritten.
-- Compiling module fu_branch
-- Compiling package isa_pkg
** Warning: ** while parsing file included at ./src/modules/writeback.sv(3)
** while parsing file included at ./src/include//datapath_types.vh(4)
** at ./src/include//isa_types.vh(4): (vlog-2275) Existing package 'isa_pkg' at line 4 will be overwritten.
-- Compiling package datapath_pkg
** Warning: ** while parsing file included at ./src/modules/writeback.sv(3)
** at ./src/include//datapath_types.vh(6): (vlog-2275) Existing package 'datapath_pkg' at line 6 will be overwritten.
-- Compiling interface writeback_if
-- Compiling module writeback

Top level modules:
	system
	scoreboard
	execute
	fetch_branch
	writeback
End time: 19:49:34 on Feb 23,2025, Elapsed time: 0:00:01
Errors: 0, Warnings: 79
vlog -sv ./src/testbench/execute_tb.sv +incdir+./src/include/
QuestaSim-64 vlog 2021.4 Compiler 2021.10 Oct 13 2021
Start time: 19:49:34 on Feb 23,2025
vlog -sv ./src/testbench/execute_tb.sv "+incdir+./src/include/" 
-- Compiling package isa_pkg
-- Compiling package datapath_pkg
-- Importing package isa_pkg
-- Compiling interface execute_if
-- Importing package datapath_pkg
-- Compiling module execute_tb
-- Compiling program test
** Warning: ./src/testbench/execute_tb.sv(89): (vlog-2244) Variable 'tb_test_case' is implicitly static. You must either explicitly declare it as static or automatic
or remove the initialization in the declaration of variable.

Top level modules:
	execute_tb
End time: 19:49:34 on Feb 23,2025, Elapsed time: 0:00:00
Errors: 0, Warnings: 1
vsim -voptargs="+acc" work.execute_tb -do "view objects; do ./src/waves/execute.do; run -all;" -onfinish stop
Reading pref.tcl
